../Core/Src/main.c:68:5:main	8	static
../Core/Src/main.c:120:6:SystemClock_Config	88	static
../Core/Src/main.c:167:13:MX_TIM2_Init	48	static
../Core/Src/main.c:225:13:MX_TIM4_Init	64	static
../Core/Src/main.c:293:13:MX_GPIO_Init	56	static
../Core/Src/main.c:422:7:HAL_TIM_PeriodElapsedCallback	16	static
../Core/Src/main.c:429:7:HAL_TIM_PWM_PulseFinishedCallback	16	static
../Core/Src/main.c:448:7:HAL_TIM_IC_CaptureCallback	16	static
../Core/Src/main.c:475:6:Error_Handler	4	static,ignoring_inline_asm
